// Jest Snapshot v1, https://goo.gl/fbAQLP

exports[`Login (snpashot) El componente de Login se renderiza correctamente 1`] = `
<div
  className="row"
>
  <div
    className="col-md-4 col-md-offset-4"
  >
    <form>
      <h1>
        Entra en nuestra plataforma
      </h1>
      <div
        className="form-group"
      >
        <label
          className="control-label"
        >
          Email
        </label>
        <input
          className="form-control"
          name="email"
          placeholder="Introduzca su email"
          required={true}
          type="email"
        />
      </div>
      <div
        className="form-group"
      >
        <label
          className="control-label"
        >
          Password
        </label>
        <input
          className="form-control"
          name="password"
          placeholder="Introduzca su contraseÃ±a"
          required={true}
          type="password"
        />
      </div>
      <a
        className="btn btn-primary btn-lg"
        onClick={[Function]}
      >
        Entrar
      </a>
    </form>
  </div>
</div>
`;
