// Jest Snapshot v1, https://goo.gl/fbAQLP

exports[`Registro (snpashot) El componente de Registro se renderiza correctamente 1`] = `
<div
  className="row"
>
  <div
    className="col-md-4 col-md-offset-4"
  >
    <form>
      <h1>
        Únete a nuestra comunidad!
      </h1>
      <div
        className="form-group"
      >
        <label
          className="control-label"
        >
          Email
        </label>
        <input
          className="form-control"
          name="email"
          placeholder="Introduzca su email"
          required={true}
          type="email"
        />
      </div>
      <div
        className="form-group"
      >
        <label
          className="control-label"
        >
          Usuario
        </label>
        <input
          className="form-control"
          name="login"
          placeholder="Introduzca su nombre de usuario"
          required={true}
          type="text"
        />
      </div>
      <div
        className="form-group"
      >
        <label
          className="control-label"
        >
          Password
        </label>
        <input
          className="form-control"
          name="password"
          placeholder="Introduzca su contraseña"
          required={true}
          type="password"
        />
      </div>
      <div
        className="form-group"
      >
        <a
          className="btn btn-primary btn-lg"
          onClick={[Function]}
        >
          Regístrate
        </a>
      </div>
    </form>
  </div>
</div>
`;
